// Jest Snapshot v1, https://goo.gl/fbAQLP

exports[`Testing on AddCategory.js should shows the component <AddCategory /> correctly along time 1`] = `
<form
  onSubmit={[Function]}
>
  <p />
  <input
    onChange={[Function]}
    type="text"
    value=""
  />
</form>
`;
